// Jest Snapshot v1, https://jestjs.io/docs/snapshot-testing

exports[`<RDragBox> should create a DragBox interaction 1`] = `"<div style="width: 100px; height: 100px;"><div class="ol-viewport ol-touch" style="position: relative; overflow: hidden; width: 100%; height: 100%;"><div style="position: absolute; width: 100%; height: 100%; z-index: 0;" class="ol-unselectable ol-layers"></div><div style="position: absolute; z-index: 0; width: 100%; height: 100%; pointer-events: none;" class="ol-overlaycontainer"></div><div style="position: absolute; z-index: 0; width: 100%; height: 100%; pointer-events: none;" class="ol-overlaycontainer-stopevent"><div style="pointer-events: auto;" class="ol-zoom ol-unselectable ol-control"><button class="ol-zoom-in" type="button" title="Zoom in">+</button><button class="ol-zoom-out" type="button" title="Zoom out">–</button></div><div style="pointer-events: auto;" class="ol-rotate ol-unselectable ol-control ol-hidden"><button class="ol-rotate-reset" type="button" title="Reset rotation"><span class="ol-compass">⇧</span></button></div><div style="pointer-events: auto;" class="ol-attribution ol-unselectable ol-control ol-collapsed"><button type="button" aria-expanded="false" title="Attributions"><span class="ol-attribution-expand">i</span></button><ul></ul></div></div></div></div>"`;

exports[`<RDraw> should create a Draw interaction 1`] = `"<div style="width: 100px; height: 100px;"><div class="_rlayers_RLayerVector"></div><div class="ol-viewport ol-touch" style="position: relative; overflow: hidden; width: 100%; height: 100%;"><div style="position: absolute; width: 100%; height: 100%; z-index: 0;" class="ol-unselectable ol-layers"></div><div style="position: absolute; z-index: 0; width: 100%; height: 100%; pointer-events: none;" class="ol-overlaycontainer"></div><div style="position: absolute; z-index: 0; width: 100%; height: 100%; pointer-events: none;" class="ol-overlaycontainer-stopevent"><div style="pointer-events: auto;" class="ol-zoom ol-unselectable ol-control"><button class="ol-zoom-in" type="button" title="Zoom in">+</button><button class="ol-zoom-out" type="button" title="Zoom out">–</button></div><div style="pointer-events: auto;" class="ol-rotate ol-unselectable ol-control ol-hidden"><button class="ol-rotate-reset" type="button" title="Reset rotation"><span class="ol-compass">⇧</span></button></div><div style="pointer-events: auto;" class="ol-attribution ol-unselectable ol-control ol-collapsed"><button type="button" aria-expanded="false" title="Attributions"><span class="ol-attribution-expand">i</span></button><ul></ul></div></div></div></div>"`;

exports[`<RDraw> should support styles 1`] = `"<div style="width: 100px; height: 100px;"><div class="_rlayers_RLayerVector"></div><div class="ol-viewport ol-touch" style="position: relative; overflow: hidden; width: 100%; height: 100%;"><div style="position: absolute; width: 100%; height: 100%; z-index: 0;" class="ol-unselectable ol-layers"></div><div style="position: absolute; z-index: 0; width: 100%; height: 100%; pointer-events: none;" class="ol-overlaycontainer"></div><div style="position: absolute; z-index: 0; width: 100%; height: 100%; pointer-events: none;" class="ol-overlaycontainer-stopevent"><div style="pointer-events: auto;" class="ol-zoom ol-unselectable ol-control"><button class="ol-zoom-in" type="button" title="Zoom in">+</button><button class="ol-zoom-out" type="button" title="Zoom out">–</button></div><div style="pointer-events: auto;" class="ol-rotate ol-unselectable ol-control ol-hidden"><button class="ol-rotate-reset" type="button" title="Reset rotation"><span class="ol-compass">⇧</span></button></div><div style="pointer-events: auto;" class="ol-attribution ol-unselectable ol-control ol-collapsed"><button type="button" aria-expanded="false" title="Attributions"><span class="ol-attribution-expand">i</span></button><ul></ul></div></div></div></div>"`;

exports[`<RModify> should create a Modify interaction 1`] = `"<div style="width: 100px; height: 100px;"><div class="_rlayers_RLayerVector"></div><div class="ol-viewport ol-touch" style="position: relative; overflow: hidden; width: 100%; height: 100%;"><div style="position: absolute; width: 100%; height: 100%; z-index: 0;" class="ol-unselectable ol-layers"></div><div style="position: absolute; z-index: 0; width: 100%; height: 100%; pointer-events: none;" class="ol-overlaycontainer"></div><div style="position: absolute; z-index: 0; width: 100%; height: 100%; pointer-events: none;" class="ol-overlaycontainer-stopevent"><div style="pointer-events: auto;" class="ol-zoom ol-unselectable ol-control"><button class="ol-zoom-in" type="button" title="Zoom in">+</button><button class="ol-zoom-out" type="button" title="Zoom out">–</button></div><div style="pointer-events: auto;" class="ol-rotate ol-unselectable ol-control ol-hidden"><button class="ol-rotate-reset" type="button" title="Reset rotation"><span class="ol-compass">⇧</span></button></div><div style="pointer-events: auto;" class="ol-attribution ol-unselectable ol-control ol-collapsed"><button type="button" aria-expanded="false" title="Attributions"><span class="ol-attribution-expand">i</span></button><ul></ul></div></div></div></div>"`;

exports[`<RModify> should support styles 1`] = `"<div style="width: 100px; height: 100px;"><div class="_rlayers_RLayerVector"></div><div class="ol-viewport ol-touch" style="position: relative; overflow: hidden; width: 100%; height: 100%;"><div style="position: absolute; width: 100%; height: 100%; z-index: 0;" class="ol-unselectable ol-layers"></div><div style="position: absolute; z-index: 0; width: 100%; height: 100%; pointer-events: none;" class="ol-overlaycontainer"></div><div style="position: absolute; z-index: 0; width: 100%; height: 100%; pointer-events: none;" class="ol-overlaycontainer-stopevent"><div style="pointer-events: auto;" class="ol-zoom ol-unselectable ol-control"><button class="ol-zoom-in" type="button" title="Zoom in">+</button><button class="ol-zoom-out" type="button" title="Zoom out">–</button></div><div style="pointer-events: auto;" class="ol-rotate ol-unselectable ol-control ol-hidden"><button class="ol-rotate-reset" type="button" title="Reset rotation"><span class="ol-compass">⇧</span></button></div><div style="pointer-events: auto;" class="ol-attribution ol-unselectable ol-control ol-collapsed"><button type="button" aria-expanded="false" title="Attributions"><span class="ol-attribution-expand">i</span></button><ul></ul></div></div></div></div>"`;

exports[`<RTranslate> should create a Translate interaction 1`] = `"<div style="width: 100px; height: 100px;"><div class="ol-viewport ol-touch" style="position: relative; overflow: hidden; width: 100%; height: 100%;"><div style="position: absolute; width: 100%; height: 100%; z-index: 0;" class="ol-unselectable ol-layers"></div><div style="position: absolute; z-index: 0; width: 100%; height: 100%; pointer-events: none;" class="ol-overlaycontainer"></div><div style="position: absolute; z-index: 0; width: 100%; height: 100%; pointer-events: none;" class="ol-overlaycontainer-stopevent"><div style="pointer-events: auto;" class="ol-zoom ol-unselectable ol-control"><button class="ol-zoom-in" type="button" title="Zoom in">+</button><button class="ol-zoom-out" type="button" title="Zoom out">–</button></div><div style="pointer-events: auto;" class="ol-rotate ol-unselectable ol-control ol-hidden"><button class="ol-rotate-reset" type="button" title="Reset rotation"><span class="ol-compass">⇧</span></button></div><div style="pointer-events: auto;" class="ol-attribution ol-unselectable ol-control ol-collapsed"><button type="button" aria-expanded="false" title="Attributions"><span class="ol-attribution-expand">i</span></button><ul></ul></div></div></div></div>"`;

exports[`Default interactions should support manually adding all the default interactions 1`] = `"<div style="width: 100px; height: 100px;"><div class="ol-viewport ol-touch" style="position: relative; overflow: hidden; width: 100%; height: 100%;"><div style="position: absolute; width: 100%; height: 100%; z-index: 0;" class="ol-unselectable ol-layers"></div><div style="position: absolute; z-index: 0; width: 100%; height: 100%; pointer-events: none;" class="ol-overlaycontainer"></div><div style="position: absolute; z-index: 0; width: 100%; height: 100%; pointer-events: none;" class="ol-overlaycontainer-stopevent"><div style="pointer-events: auto;" class="ol-zoom ol-unselectable ol-control"><button class="ol-zoom-in" type="button" title="Zoom in">+</button><button class="ol-zoom-out" type="button" title="Zoom out">–</button></div><div style="pointer-events: auto;" class="ol-rotate ol-unselectable ol-control ol-hidden"><button class="ol-rotate-reset" type="button" title="Reset rotation"><span class="ol-compass">⇧</span></button></div><div style="pointer-events: auto;" class="ol-attribution ol-unselectable ol-control ol-collapsed"><button type="button" aria-expanded="false" title="Attributions"><span class="ol-attribution-expand">i</span></button><ul></ul></div></div></div></div>"`;
