// Jest Snapshot v1, https://jestjs.io/docs/snapshot-testing

exports[`<ROverlay> should support autoplacement 1`] = `"<div style="width: 100px; height: 100px;"><div class="_rlayers_RLayer"></div><div class="_rlayers_RLayerVector"><div class="_rlayers_RFeature"><div class="_rlayers_ROverlay"></div></div></div><div class="ol-viewport ol-touch" style="position: relative; overflow: hidden; width: 100%; height: 100%;"><div style="position: absolute; width: 100%; height: 100%; z-index: 0;" class="ol-unselectable ol-layers"></div><div style="position: absolute; z-index: 0; width: 100%; height: 100%; pointer-events: none;" class="ol-overlaycontainer"></div><div style="position: absolute; z-index: 0; width: 100%; height: 100%; pointer-events: none;" class="ol-overlaycontainer-stopevent"><div class="ol-overlay-container ol-selectable" style="position: absolute; pointer-events: auto; display: none;"><div style="position: absolute; left: 0px; top: 0px;"><div id="target">text14</div></div></div><div style="pointer-events: auto;" class="ol-zoom ol-unselectable ol-control"><button class="ol-zoom-in" type="button" title="Zoom in">+</button><button class="ol-zoom-out" type="button" title="Zoom out">–</button></div><div style="pointer-events: auto;" class="ol-rotate ol-unselectable ol-control ol-hidden"><button class="ol-rotate-reset" type="button" title="Reset rotation"><span class="ol-compass">⇧</span></button></div><div style="pointer-events: auto;" class="ol-attribution ol-unselectable ol-control ol-collapsed"><button type="button" aria-expanded="false" title="Attributions"><span class="ol-attribution-expand">i</span></button><ul></ul></div></div></div></div>"`;

exports[`<ROverlay> should support autoplacement 2`] = `"<div style="width: 100px; height: 100px;"><div class="_rlayers_RLayer"></div><div class="_rlayers_RLayerVector"><div class="_rlayers_RFeature"><div class="_rlayers_ROverlay"></div></div></div><div class="ol-viewport ol-touch" style="position: relative; overflow: hidden; width: 100%; height: 100%;"><div style="position: absolute; width: 100%; height: 100%; z-index: 0;" class="ol-unselectable ol-layers"></div><div style="position: absolute; z-index: 0; width: 100%; height: 100%; pointer-events: none;" class="ol-overlaycontainer"></div><div style="position: absolute; z-index: 0; width: 100%; height: 100%; pointer-events: none;" class="ol-overlaycontainer-stopevent"><div class="ol-overlay-container ol-selectable" style="position: absolute; pointer-events: auto; display: none;"><div style="position: absolute; right: 0px; bottom: 0px;"><div id="target">text14</div></div></div><div style="pointer-events: auto;" class="ol-zoom ol-unselectable ol-control"><button class="ol-zoom-in" type="button" title="Zoom in">+</button><button class="ol-zoom-out" type="button" title="Zoom out">–</button></div><div style="pointer-events: auto;" class="ol-rotate ol-unselectable ol-control ol-hidden"><button class="ol-rotate-reset" type="button" title="Reset rotation"><span class="ol-compass">⇧</span></button></div><div style="pointer-events: auto;" class="ol-attribution ol-unselectable ol-control ol-collapsed"><button type="button" aria-expanded="false" title="Attributions"><span class="ol-attribution-expand">i</span></button><ul></ul></div></div></div></div>"`;

exports[`<ROverlay> should support removing the layer 1`] = `"<div style="width: 100px; height: 100px;"><div class="_rlayers_RLayer"></div><div class="_rlayers_RLayerVector"><div class="_rlayers_RFeature"><div class="_rlayers_ROverlay"></div></div></div><div class="ol-viewport ol-touch" style="position: relative; overflow: hidden; width: 100%; height: 100%;"><div style="position: absolute; width: 100%; height: 100%; z-index: 0;" class="ol-unselectable ol-layers"></div><div style="position: absolute; z-index: 0; width: 100%; height: 100%; pointer-events: none;" class="ol-overlaycontainer"></div><div style="position: absolute; z-index: 0; width: 100%; height: 100%; pointer-events: none;" class="ol-overlaycontainer-stopevent"><div class="ol-overlay-container ol-selectable" style="position: absolute; pointer-events: auto; display: none;"><div><div id="target">text</div></div></div><div style="pointer-events: auto;" class="ol-zoom ol-unselectable ol-control"><button class="ol-zoom-in" type="button" title="Zoom in">+</button><button class="ol-zoom-out" type="button" title="Zoom out">–</button></div><div style="pointer-events: auto;" class="ol-rotate ol-unselectable ol-control ol-hidden"><button class="ol-rotate-reset" type="button" title="Reset rotation"><span class="ol-compass">⇧</span></button></div><div style="pointer-events: auto;" class="ol-attribution ol-unselectable ol-control ol-collapsed"><button type="button" aria-expanded="false" title="Attributions"><span class="ol-attribution-expand">i</span></button><ul></ul></div></div></div></div>"`;

exports[`<ROverlay> should support removing the layer 2`] = `"<div style="width: 100px; height: 100px;"><div class="_rlayers_RLayer"></div><div class="ol-viewport ol-touch" style="position: relative; overflow: hidden; width: 100%; height: 100%;"><div style="position: absolute; width: 100%; height: 100%; z-index: 0;" class="ol-unselectable ol-layers"></div><div style="position: absolute; z-index: 0; width: 100%; height: 100%; pointer-events: none;" class="ol-overlaycontainer"></div><div style="position: absolute; z-index: 0; width: 100%; height: 100%; pointer-events: none;" class="ol-overlaycontainer-stopevent"><div style="pointer-events: auto;" class="ol-zoom ol-unselectable ol-control"><button class="ol-zoom-in" type="button" title="Zoom in">+</button><button class="ol-zoom-out" type="button" title="Zoom out">–</button></div><div style="pointer-events: auto;" class="ol-rotate ol-unselectable ol-control ol-hidden"><button class="ol-rotate-reset" type="button" title="Reset rotation"><span class="ol-compass">⇧</span></button></div><div style="pointer-events: auto;" class="ol-attribution ol-unselectable ol-control ol-collapsed"><button type="button" aria-expanded="false" title="Attributions"><span class="ol-attribution-expand">i</span></button><ul></ul></div></div></div></div>"`;

exports[`<ROverlay> should support updating the props 1`] = `"<div style="width: 100px; height: 100px;"><div class="_rlayers_RLayer"></div><div class="_rlayers_RLayerVector"><div class="_rlayers_RFeature"><div class="_rlayers_ROverlay"></div></div></div><div class="ol-viewport ol-touch" style="position: relative; overflow: hidden; width: 100%; height: 100%;"><div style="position: absolute; width: 100%; height: 100%; z-index: 0;" class="ol-unselectable ol-layers"></div><div style="position: absolute; z-index: 0; width: 100%; height: 100%; pointer-events: none;" class="ol-overlaycontainer"></div><div style="position: absolute; z-index: 0; width: 100%; height: 100%; pointer-events: none;" class="ol-overlaycontainer-stopevent"><div class="ol-overlay-container ol-selectable" style="position: absolute; pointer-events: auto; display: none;"><div><div id="target">text1</div><div></div></div></div><div style="pointer-events: auto;" class="ol-zoom ol-unselectable ol-control"><button class="ol-zoom-in" type="button" title="Zoom in">+</button><button class="ol-zoom-out" type="button" title="Zoom out">–</button></div><div style="pointer-events: auto;" class="ol-rotate ol-unselectable ol-control ol-hidden"><button class="ol-rotate-reset" type="button" title="Reset rotation"><span class="ol-compass">⇧</span></button></div><div style="pointer-events: auto;" class="ol-attribution ol-unselectable ol-control ol-collapsed"><button type="button" aria-expanded="false" title="Attributions"><span class="ol-attribution-expand">i</span></button><ul></ul></div></div></div></div>"`;

exports[`<ROverlay> should support updating the props 2`] = `"<div style="width: 100px; height: 100px;"><div class="_rlayers_RLayer"></div><div class="_rlayers_RLayerVector"><div class="_rlayers_RFeature"><div class="_rlayers_ROverlay"></div></div></div><div class="ol-viewport ol-touch" style="position: relative; overflow: hidden; width: 100%; height: 100%;"><div style="position: absolute; width: 100%; height: 100%; z-index: 0;" class="ol-unselectable ol-layers"></div><div style="position: absolute; z-index: 0; width: 100%; height: 100%; pointer-events: none;" class="ol-overlaycontainer"></div><div style="position: absolute; z-index: 0; width: 100%; height: 100%; pointer-events: none;" class="ol-overlaycontainer-stopevent"><div class="ol-overlay-container ol-selectable" style="position: absolute; pointer-events: auto; display: none;"><div><div id="target">text2</div><div></div></div></div><div style="pointer-events: auto;" class="ol-zoom ol-unselectable ol-control"><button class="ol-zoom-in" type="button" title="Zoom in">+</button><button class="ol-zoom-out" type="button" title="Zoom out">–</button></div><div style="pointer-events: auto;" class="ol-rotate ol-unselectable ol-control ol-hidden"><button class="ol-rotate-reset" type="button" title="Reset rotation"><span class="ol-compass">⇧</span></button></div><div style="pointer-events: auto;" class="ol-attribution ol-unselectable ol-control ol-collapsed"><button type="button" aria-expanded="false" title="Attributions"><span class="ol-attribution-expand">i</span></button><ul></ul></div></div></div></div>"`;
