// Jest Snapshot v1, https://jestjs.io/docs/snapshot-testing

exports[`<RLayerTile> should display a tiled XYZ layer 1`] = `"<div style="width: 100px; height: 100px;"><div class="_rlayers_RLayer"></div><div class="ol-viewport ol-touch" style="position: relative; overflow: hidden; width: 100%; height: 100%;"><div style="position: absolute; width: 100%; height: 100%; z-index: 0;" class="ol-unselectable ol-layers"></div><div style="position: absolute; z-index: 0; width: 100%; height: 100%; pointer-events: none;" class="ol-overlaycontainer"></div><div style="position: absolute; z-index: 0; width: 100%; height: 100%; pointer-events: none;" class="ol-overlaycontainer-stopevent"><div style="pointer-events: auto;" class="ol-zoom ol-unselectable ol-control"><button class="ol-zoom-in" type="button" title="Zoom in">+</button><button class="ol-zoom-out" type="button" title="Zoom out">–</button></div><div style="pointer-events: auto;" class="ol-rotate ol-unselectable ol-control ol-hidden"><button class="ol-rotate-reset" type="button" title="Reset rotation"><span class="ol-compass">⇧</span></button></div><div style="pointer-events: auto;" class="ol-attribution ol-unselectable ol-control ol-collapsed"><button type="button" aria-expanded="false" title="Attributions"><span class="ol-attribution-expand">i</span></button><ul></ul></div></div></div></div>"`;

exports[`<RLayerTile> should update the url by recreating the source 1`] = `"<div style="width: 100px; height: 100px;"><div class="_rlayers_RLayer"></div><div class="ol-viewport ol-touch" style="position: relative; overflow: hidden; width: 100%; height: 100%;"><div style="position: absolute; width: 100%; height: 100%; z-index: 0;" class="ol-unselectable ol-layers"></div><div style="position: absolute; z-index: 0; width: 100%; height: 100%; pointer-events: none;" class="ol-overlaycontainer"></div><div style="position: absolute; z-index: 0; width: 100%; height: 100%; pointer-events: none;" class="ol-overlaycontainer-stopevent"><div style="pointer-events: auto;" class="ol-zoom ol-unselectable ol-control"><button class="ol-zoom-in" type="button" title="Zoom in">+</button><button class="ol-zoom-out" type="button" title="Zoom out">–</button></div><div style="pointer-events: auto;" class="ol-rotate ol-unselectable ol-control ol-hidden"><button class="ol-rotate-reset" type="button" title="Reset rotation"><span class="ol-compass">⇧</span></button></div><div style="pointer-events: auto;" class="ol-attribution ol-unselectable ol-control ol-collapsed"><button type="button" aria-expanded="false" title="Attributions"><span class="ol-attribution-expand">i</span></button><ul></ul></div></div></div></div>"`;

exports[`<RLayerTile> should update the url by recreating the source 2`] = `"<div style="width: 100px; height: 100px;"><div class="_rlayers_RLayer"></div><div class="ol-viewport ol-touch" style="position: relative; overflow: hidden; width: 100%; height: 100%;"><div style="position: absolute; width: 100%; height: 100%; z-index: 0;" class="ol-unselectable ol-layers"></div><div style="position: absolute; z-index: 0; width: 100%; height: 100%; pointer-events: none;" class="ol-overlaycontainer"></div><div style="position: absolute; z-index: 0; width: 100%; height: 100%; pointer-events: none;" class="ol-overlaycontainer-stopevent"><div style="pointer-events: auto;" class="ol-zoom ol-unselectable ol-control"><button class="ol-zoom-in" type="button" title="Zoom in">+</button><button class="ol-zoom-out" type="button" title="Zoom out">–</button></div><div style="pointer-events: auto;" class="ol-rotate ol-unselectable ol-control ol-hidden"><button class="ol-rotate-reset" type="button" title="Reset rotation"><span class="ol-compass">⇧</span></button></div><div style="pointer-events: auto;" class="ol-attribution ol-unselectable ol-control ol-collapsed"><button type="button" aria-expanded="false" title="Attributions"><span class="ol-attribution-expand">i</span></button><ul></ul></div></div></div></div>"`;

exports[`<RLayerWMTS> should display a tiled WMTS layer 1`] = `"<div style="width: 100px; height: 100px;"><div class="_rlayers_RLayer"></div><div class="ol-viewport ol-touch" style="position: relative; overflow: hidden; width: 100%; height: 100%;"><div style="position: absolute; width: 100%; height: 100%; z-index: 0;" class="ol-unselectable ol-layers"></div><div style="position: absolute; z-index: 0; width: 100%; height: 100%; pointer-events: none;" class="ol-overlaycontainer"></div><div style="position: absolute; z-index: 0; width: 100%; height: 100%; pointer-events: none;" class="ol-overlaycontainer-stopevent"><div style="pointer-events: auto;" class="ol-zoom ol-unselectable ol-control"><button class="ol-zoom-in" type="button" title="Zoom in">+</button><button class="ol-zoom-out" type="button" title="Zoom out">–</button></div><div style="pointer-events: auto;" class="ol-rotate ol-unselectable ol-control ol-hidden"><button class="ol-rotate-reset" type="button" title="Reset rotation"><span class="ol-compass">⇧</span></button></div><div style="pointer-events: auto;" class="ol-attribution ol-unselectable ol-control ol-collapsed"><button type="button" aria-expanded="false" title="Attributions"><span class="ol-attribution-expand">i</span></button><ul></ul></div></div></div></div>"`;

exports[`<RLayerWMTS> should recreate the source only if the data changes 1`] = `"<div style="width: 100px; height: 100px;"><div class="_rlayers_RLayer"></div><div class="ol-viewport ol-touch" style="position: relative; overflow: hidden; width: 100%; height: 100%;"><div style="position: absolute; width: 100%; height: 100%; z-index: 0;" class="ol-unselectable ol-layers"></div><div style="position: absolute; z-index: 0; width: 100%; height: 100%; pointer-events: none;" class="ol-overlaycontainer"></div><div style="position: absolute; z-index: 0; width: 100%; height: 100%; pointer-events: none;" class="ol-overlaycontainer-stopevent"><div style="pointer-events: auto;" class="ol-zoom ol-unselectable ol-control"><button class="ol-zoom-in" type="button" title="Zoom in">+</button><button class="ol-zoom-out" type="button" title="Zoom out">–</button></div><div style="pointer-events: auto;" class="ol-rotate ol-unselectable ol-control ol-hidden"><button class="ol-rotate-reset" type="button" title="Reset rotation"><span class="ol-compass">⇧</span></button></div><div style="pointer-events: auto;" class="ol-attribution ol-unselectable ol-control ol-collapsed"><button type="button" aria-expanded="false" title="Attributions"><span class="ol-attribution-expand">i</span></button><ul></ul></div></div></div></div>"`;
