// Jest Snapshot v1, https://goo.gl/fbAQLP

exports[`<RLayerVector> should create and remove a vector layer 1`] = `"<div style="width: 100px; height: 100px;"><div class="_rlayers_RLayerVector"></div><div class="ol-viewport" style="position: relative; overflow: hidden; width: 100%; height: 100%;"><div style="position: absolute; width: 100%; height: 100%; z-index: 0;" class="ol-unselectable ol-layers"></div><div style="position: absolute; z-index: 0; width: 100%; height: 100%; pointer-events: none;" class="ol-overlaycontainer"></div><div style="position: absolute; z-index: 0; width: 100%; height: 100%; pointer-events: none;" class="ol-overlaycontainer-stopevent"><div style="pointer-events: auto;" class="ol-zoom ol-unselectable ol-control"><button class="ol-zoom-in" type="button" title="Zoom in">+</button><button class="ol-zoom-out" type="button" title="Zoom out">–</button></div><div style="pointer-events: auto;" class="ol-rotate ol-unselectable ol-control ol-hidden"><button class="ol-rotate-reset" type="button" title="Reset rotation"><span class="ol-compass">⇧</span></button></div><div style="pointer-events: auto;" class="ol-attribution ol-unselectable ol-control ol-collapsed"><button type="button" aria-expanded="false" title="Attributions"><span class="ol-attribution-expand">i</span></button><ul></ul></div></div></div></div>"`;

exports[`<RLayerVector> should handle Vector Feature events w/update 1`] = `"<div style="width: 100px; height: 100px;"><div class="_rlayers_RLayerVector"></div><div class="ol-viewport" style="position: relative; overflow: hidden; width: 100%; height: 100%;"><div style="position: absolute; width: 100%; height: 100%; z-index: 0;" class="ol-unselectable ol-layers"></div><div style="position: absolute; z-index: 0; width: 100%; height: 100%; pointer-events: none;" class="ol-overlaycontainer"></div><div style="position: absolute; z-index: 0; width: 100%; height: 100%; pointer-events: none;" class="ol-overlaycontainer-stopevent"><div style="pointer-events: auto;" class="ol-zoom ol-unselectable ol-control"><button class="ol-zoom-in" type="button" title="Zoom in">+</button><button class="ol-zoom-out" type="button" title="Zoom out">–</button></div><div style="pointer-events: auto;" class="ol-rotate ol-unselectable ol-control ol-hidden"><button class="ol-rotate-reset" type="button" title="Reset rotation"><span class="ol-compass">⇧</span></button></div><div style="pointer-events: auto;" class="ol-attribution ol-unselectable ol-control ol-collapsed"><button type="button" aria-expanded="false" title="Attributions"><span class="ol-attribution-expand">i</span></button><ul></ul></div></div></div></div>"`;

exports[`<RLayerVector> should handle Vector Feature events w/update 2`] = `"<div style="width: 100px; height: 100px;"><div class="_rlayers_RLayerVector"></div><div class="ol-viewport" style="position: relative; overflow: hidden; width: 100%; height: 100%;"><div style="position: absolute; width: 100%; height: 100%; z-index: 0;" class="ol-unselectable ol-layers"></div><div style="position: absolute; z-index: 0; width: 100%; height: 100%; pointer-events: none;" class="ol-overlaycontainer"></div><div style="position: absolute; z-index: 0; width: 100%; height: 100%; pointer-events: none;" class="ol-overlaycontainer-stopevent"><div style="pointer-events: auto;" class="ol-zoom ol-unselectable ol-control"><button class="ol-zoom-in" type="button" title="Zoom in">+</button><button class="ol-zoom-out" type="button" title="Zoom out">–</button></div><div style="pointer-events: auto;" class="ol-rotate ol-unselectable ol-control ol-hidden"><button class="ol-rotate-reset" type="button" title="Reset rotation"><span class="ol-compass">⇧</span></button></div><div style="pointer-events: auto;" class="ol-attribution ol-unselectable ol-control ol-collapsed"><button type="button" aria-expanded="false" title="Attributions"><span class="ol-attribution-expand">i</span></button><ul></ul></div></div></div></div>"`;

exports[`<RLayerVector> should handle Vector Feature events w/update 3`] = `"<div style="width: 100px; height: 100px;"><div class="_rlayers_RLayerVector"></div><div class="ol-viewport" style="position: relative; overflow: hidden; width: 100%; height: 100%;"><div style="position: absolute; width: 100%; height: 100%; z-index: 0;" class="ol-unselectable ol-layers"></div><div style="position: absolute; z-index: 0; width: 100%; height: 100%; pointer-events: none;" class="ol-overlaycontainer"></div><div style="position: absolute; z-index: 0; width: 100%; height: 100%; pointer-events: none;" class="ol-overlaycontainer-stopevent"><div style="pointer-events: auto;" class="ol-zoom ol-unselectable ol-control"><button class="ol-zoom-in" type="button" title="Zoom in">+</button><button class="ol-zoom-out" type="button" title="Zoom out">–</button></div><div style="pointer-events: auto;" class="ol-rotate ol-unselectable ol-control ol-hidden"><button class="ol-rotate-reset" type="button" title="Reset rotation"><span class="ol-compass">⇧</span></button></div><div style="pointer-events: auto;" class="ol-attribution ol-unselectable ol-control ol-collapsed"><button type="button" aria-expanded="false" title="Attributions"><span class="ol-attribution-expand">i</span></button><ul></ul></div></div></div></div>"`;

exports[`<RLayerVector> should load GeoJSON features 1`] = `"<div style="width: 100px; height: 100px;"><div class="_rlayers_RLayerVector"></div><div class="ol-viewport" style="position: relative; overflow: hidden; width: 100%; height: 100%;"><div style="position: absolute; width: 100%; height: 100%; z-index: 0;" class="ol-unselectable ol-layers"></div><div style="position: absolute; z-index: 0; width: 100%; height: 100%; pointer-events: none;" class="ol-overlaycontainer"></div><div style="position: absolute; z-index: 0; width: 100%; height: 100%; pointer-events: none;" class="ol-overlaycontainer-stopevent"><div style="pointer-events: auto;" class="ol-zoom ol-unselectable ol-control"><button class="ol-zoom-in" type="button" title="Zoom in">+</button><button class="ol-zoom-out" type="button" title="Zoom out">–</button></div><div style="pointer-events: auto;" class="ol-rotate ol-unselectable ol-control ol-hidden"><button class="ol-rotate-reset" type="button" title="Reset rotation"><span class="ol-compass">⇧</span></button></div><div style="pointer-events: auto;" class="ol-attribution ol-unselectable ol-control ol-collapsed"><button type="button" aria-expanded="false" title="Attributions"><span class="ol-attribution-expand">i</span></button><ul></ul></div></div></div></div>"`;

exports[`<RLayerVector> should load trigger addFeature 1`] = `"<div style="width: 100px; height: 100px;"><div class="_rlayers_RLayerVector"><div class="_rlayers_RFeature"><div>marker "\\"\\""</div></div></div><div class="ol-viewport" style="position: relative; overflow: hidden; width: 100%; height: 100%;"><div style="position: absolute; width: 100%; height: 100%; z-index: 0;" class="ol-unselectable ol-layers"></div><div style="position: absolute; z-index: 0; width: 100%; height: 100%; pointer-events: none;" class="ol-overlaycontainer"></div><div style="position: absolute; z-index: 0; width: 100%; height: 100%; pointer-events: none;" class="ol-overlaycontainer-stopevent"><div style="pointer-events: auto;" class="ol-zoom ol-unselectable ol-control"><button class="ol-zoom-in" type="button" title="Zoom in">+</button><button class="ol-zoom-out" type="button" title="Zoom out">–</button></div><div style="pointer-events: auto;" class="ol-rotate ol-unselectable ol-control ol-hidden"><button class="ol-rotate-reset" type="button" title="Reset rotation"><span class="ol-compass">⇧</span></button></div><div style="pointer-events: auto;" class="ol-attribution ol-unselectable ol-control ol-collapsed"><button type="button" aria-expanded="false" title="Attributions"><span class="ol-attribution-expand">i</span></button><ul></ul></div></div></div></div>"`;

exports[`<RLayerVector> should load trigger addFeature/w multiple features 1`] = `"<div style="width: 100px; height: 100px;"><div class="_rlayers_RLayerVector"><div class="_rlayers_RFeature"><div>marker "\\"\\""</div></div><div class="_rlayers_RFeature"><div>marker "\\"\\""</div></div><div class="_rlayers_RFeature"><div>marker "\\"\\""</div></div><div class="_rlayers_RFeature"><div>marker "\\"\\""</div></div><div class="_rlayers_RFeature"><div>marker "\\"\\""</div></div><div class="_rlayers_RFeature"><div>marker "\\"\\""</div></div><div class="_rlayers_RFeature"><div>marker "\\"\\""</div></div><div class="_rlayers_RFeature"><div>marker "\\"\\""</div></div><div class="_rlayers_RFeature"><div>marker "\\"\\""</div></div><div class="_rlayers_RFeature"><div>marker "\\"\\""</div></div><div class="_rlayers_RFeature"><div>marker "\\"\\""</div></div><div class="_rlayers_RFeature"><div>marker "\\"\\""</div></div><div class="_rlayers_RFeature"><div>marker "\\"\\""</div></div><div class="_rlayers_RFeature"><div>marker "\\"\\""</div></div><div class="_rlayers_RFeature"><div>marker "\\"\\""</div></div><div class="_rlayers_RFeature"><div>marker "\\"\\""</div></div><div class="_rlayers_RFeature"><div>marker "\\"\\""</div></div><div class="_rlayers_RFeature"><div>marker "\\"\\""</div></div><div class="_rlayers_RFeature"><div>marker "\\"\\""</div></div><div class="_rlayers_RFeature"><div>marker "\\"\\""</div></div><div class="_rlayers_RFeature"><div>marker "\\"\\""</div></div><div class="_rlayers_RFeature"><div>marker "\\"\\""</div></div><div class="_rlayers_RFeature"><div>marker "\\"\\""</div></div><div class="_rlayers_RFeature"><div>marker "\\"\\""</div></div><div class="_rlayers_RFeature"><div>marker "\\"\\""</div></div><div class="_rlayers_RFeature"><div>marker "\\"\\""</div></div><div class="_rlayers_RFeature"><div>marker "\\"\\""</div></div><div class="_rlayers_RFeature"><div>marker "\\"\\""</div></div><div class="_rlayers_RFeature"><div>marker "\\"\\""</div></div><div class="_rlayers_RFeature"><div>marker "\\"\\""</div></div><div class="_rlayers_RFeature"><div>marker "\\"\\""</div></div><div class="_rlayers_RFeature"><div>marker "\\"\\""</div></div><div class="_rlayers_RFeature"><div>marker "\\"\\""</div></div><div class="_rlayers_RFeature"><div>marker "\\"\\""</div></div><div class="_rlayers_RFeature"><div>marker "\\"\\""</div></div><div class="_rlayers_RFeature"><div>marker "\\"\\""</div></div><div class="_rlayers_RFeature"><div>marker "\\"\\""</div></div><div class="_rlayers_RFeature"><div>marker "\\"\\""</div></div><div class="_rlayers_RFeature"><div>marker "\\"\\""</div></div><div class="_rlayers_RFeature"><div>marker "\\"\\""</div></div><div class="_rlayers_RFeature"><div>marker "\\"\\""</div></div><div class="_rlayers_RFeature"><div>marker "\\"\\""</div></div><div class="_rlayers_RFeature"><div>marker "\\"\\""</div></div><div class="_rlayers_RFeature"><div>marker "\\"\\""</div></div><div class="_rlayers_RFeature"><div>marker "\\"\\""</div></div><div class="_rlayers_RFeature"><div>marker "\\"\\""</div></div><div class="_rlayers_RFeature"><div>marker "\\"\\""</div></div><div class="_rlayers_RFeature"><div>marker "\\"\\""</div></div><div class="_rlayers_RFeature"><div>marker "\\"\\""</div></div><div class="_rlayers_RFeature"><div>marker "\\"\\""</div></div><div class="_rlayers_RFeature"><div>marker "\\"\\""</div></div><div class="_rlayers_RFeature"><div>marker "\\"\\""</div></div><div class="_rlayers_RFeature"><div>marker "\\"\\""</div></div><div class="_rlayers_RFeature"><div>marker "\\"\\""</div></div><div class="_rlayers_RFeature"><div>marker "\\"\\""</div></div><div class="_rlayers_RFeature"><div>marker "\\"\\""</div></div><div class="_rlayers_RFeature"><div>marker "\\"\\""</div></div><div class="_rlayers_RFeature"><div>marker "\\"\\""</div></div><div class="_rlayers_RFeature"><div>marker "\\"\\""</div></div><div class="_rlayers_RFeature"><div>marker "\\"\\""</div></div><div class="_rlayers_RFeature"><div>marker "\\"\\""</div></div><div class="_rlayers_RFeature"><div>marker "\\"\\""</div></div><div class="_rlayers_RFeature"><div>marker "\\"\\""</div></div><div class="_rlayers_RFeature"><div>marker "\\"\\""</div></div><div class="_rlayers_RFeature"><div>marker "\\"\\""</div></div><div class="_rlayers_RFeature"><div>marker "\\"\\""</div></div><div class="_rlayers_RFeature"><div>marker "\\"\\""</div></div><div class="_rlayers_RFeature"><div>marker "\\"\\""</div></div><div class="_rlayers_RFeature"><div>marker "\\"\\""</div></div><div class="_rlayers_RFeature"><div>marker "\\"\\""</div></div><div class="_rlayers_RFeature"><div>marker "\\"\\""</div></div><div class="_rlayers_RFeature"><div>marker "\\"\\""</div></div><div class="_rlayers_RFeature"><div>marker "\\"\\""</div></div><div class="_rlayers_RFeature"><div>marker "\\"\\""</div></div><div class="_rlayers_RFeature"><div>marker "\\"\\""</div></div><div class="_rlayers_RFeature"><div>marker "\\"\\""</div></div><div class="_rlayers_RFeature"><div>marker "\\"\\""</div></div><div class="_rlayers_RFeature"><div>marker "\\"\\""</div></div><div class="_rlayers_RFeature"><div>marker "\\"\\""</div></div><div class="_rlayers_RFeature"><div>marker "\\"\\""</div></div><div class="_rlayers_RFeature"><div>marker "\\"\\""</div></div><div class="_rlayers_RFeature"><div>marker "\\"\\""</div></div><div class="_rlayers_RFeature"><div>marker "\\"\\""</div></div><div class="_rlayers_RFeature"><div>marker "\\"\\""</div></div><div class="_rlayers_RFeature"><div>marker "\\"\\""</div></div><div class="_rlayers_RFeature"><div>marker "\\"\\""</div></div><div class="_rlayers_RFeature"><div>marker "\\"\\""</div></div><div class="_rlayers_RFeature"><div>marker "\\"\\""</div></div><div class="_rlayers_RFeature"><div>marker "\\"\\""</div></div><div class="_rlayers_RFeature"><div>marker "\\"\\""</div></div><div class="_rlayers_RFeature"><div>marker "\\"\\""</div></div><div class="_rlayers_RFeature"><div>marker "\\"\\""</div></div><div class="_rlayers_RFeature"><div>marker "\\"\\""</div></div><div class="_rlayers_RFeature"><div>marker "\\"\\""</div></div><div class="_rlayers_RFeature"><div>marker "\\"\\""</div></div><div class="_rlayers_RFeature"><div>marker "\\"\\""</div></div></div><div class="ol-viewport" style="position: relative; overflow: hidden; width: 100%; height: 100%;"><div style="position: absolute; width: 100%; height: 100%; z-index: 0;" class="ol-unselectable ol-layers"></div><div style="position: absolute; z-index: 0; width: 100%; height: 100%; pointer-events: none;" class="ol-overlaycontainer"></div><div style="position: absolute; z-index: 0; width: 100%; height: 100%; pointer-events: none;" class="ol-overlaycontainer-stopevent"><div style="pointer-events: auto;" class="ol-zoom ol-unselectable ol-control"><button class="ol-zoom-in" type="button" title="Zoom in">+</button><button class="ol-zoom-out" type="button" title="Zoom out">–</button></div><div style="pointer-events: auto;" class="ol-rotate ol-unselectable ol-control ol-hidden"><button class="ol-rotate-reset" type="button" title="Reset rotation"><span class="ol-compass">⇧</span></button></div><div style="pointer-events: auto;" class="ol-attribution ol-unselectable ol-control ol-collapsed"><button type="button" aria-expanded="false" title="Attributions"><span class="ol-attribution-expand">i</span></button><ul></ul></div></div></div></div>"`;

exports[`<RLayerVector> should load trigger addFeature/w multiple features 2`] = `"<div style="width: 100px; height: 100px;"><div class="_rlayers_RLayerVector"><div class="_rlayers_RFeature"><div>marker "\\"\\""</div></div><div class="_rlayers_RFeature"><div>marker "\\"\\""</div></div><div class="_rlayers_RFeature"><div>marker "\\"\\""</div></div><div class="_rlayers_RFeature"><div>marker "\\"\\""</div></div><div class="_rlayers_RFeature"><div>marker "\\"\\""</div></div><div class="_rlayers_RFeature"><div>marker "\\"\\""</div></div><div class="_rlayers_RFeature"><div>marker "\\"\\""</div></div><div class="_rlayers_RFeature"><div>marker "\\"\\""</div></div><div class="_rlayers_RFeature"><div>marker "\\"\\""</div></div><div class="_rlayers_RFeature"><div>marker "\\"\\""</div></div><div class="_rlayers_RFeature"><div>marker "\\"\\""</div></div><div class="_rlayers_RFeature"><div>marker "\\"\\""</div></div><div class="_rlayers_RFeature"><div>marker "\\"\\""</div></div><div class="_rlayers_RFeature"><div>marker "\\"\\""</div></div><div class="_rlayers_RFeature"><div>marker "\\"\\""</div></div><div class="_rlayers_RFeature"><div>marker "\\"\\""</div></div><div class="_rlayers_RFeature"><div>marker "\\"\\""</div></div><div class="_rlayers_RFeature"><div>marker "\\"\\""</div></div><div class="_rlayers_RFeature"><div>marker "\\"\\""</div></div><div class="_rlayers_RFeature"><div>marker "\\"\\""</div></div><div class="_rlayers_RFeature"><div>marker "\\"\\""</div></div><div class="_rlayers_RFeature"><div>marker "\\"\\""</div></div><div class="_rlayers_RFeature"><div>marker "\\"\\""</div></div><div class="_rlayers_RFeature"><div>marker "\\"\\""</div></div><div class="_rlayers_RFeature"><div>marker "\\"\\""</div></div><div class="_rlayers_RFeature"><div>marker "\\"\\""</div></div><div class="_rlayers_RFeature"><div>marker "\\"\\""</div></div><div class="_rlayers_RFeature"><div>marker "\\"\\""</div></div><div class="_rlayers_RFeature"><div>marker "\\"\\""</div></div><div class="_rlayers_RFeature"><div>marker "\\"\\""</div></div><div class="_rlayers_RFeature"><div>marker "\\"\\""</div></div><div class="_rlayers_RFeature"><div>marker "\\"\\""</div></div><div class="_rlayers_RFeature"><div>marker "\\"\\""</div></div><div class="_rlayers_RFeature"><div>marker "\\"\\""</div></div><div class="_rlayers_RFeature"><div>marker "\\"\\""</div></div><div class="_rlayers_RFeature"><div>marker "\\"\\""</div></div><div class="_rlayers_RFeature"><div>marker "\\"\\""</div></div><div class="_rlayers_RFeature"><div>marker "\\"\\""</div></div><div class="_rlayers_RFeature"><div>marker "\\"\\""</div></div><div class="_rlayers_RFeature"><div>marker "\\"\\""</div></div><div class="_rlayers_RFeature"><div>marker "\\"\\""</div></div><div class="_rlayers_RFeature"><div>marker "\\"\\""</div></div><div class="_rlayers_RFeature"><div>marker "\\"\\""</div></div><div class="_rlayers_RFeature"><div>marker "\\"\\""</div></div><div class="_rlayers_RFeature"><div>marker "\\"\\""</div></div><div class="_rlayers_RFeature"><div>marker "\\"\\""</div></div><div class="_rlayers_RFeature"><div>marker "\\"\\""</div></div><div class="_rlayers_RFeature"><div>marker "\\"\\""</div></div><div class="_rlayers_RFeature"><div>marker "\\"\\""</div></div><div class="_rlayers_RFeature"><div>marker "\\"\\""</div></div><div class="_rlayers_RFeature"><div>marker "\\"\\""</div></div><div class="_rlayers_RFeature"><div>marker "\\"\\""</div></div><div class="_rlayers_RFeature"><div>marker "\\"\\""</div></div><div class="_rlayers_RFeature"><div>marker "\\"\\""</div></div><div class="_rlayers_RFeature"><div>marker "\\"\\""</div></div><div class="_rlayers_RFeature"><div>marker "\\"\\""</div></div><div class="_rlayers_RFeature"><div>marker "\\"\\""</div></div><div class="_rlayers_RFeature"><div>marker "\\"\\""</div></div><div class="_rlayers_RFeature"><div>marker "\\"\\""</div></div><div class="_rlayers_RFeature"><div>marker "\\"\\""</div></div><div class="_rlayers_RFeature"><div>marker "\\"\\""</div></div><div class="_rlayers_RFeature"><div>marker "\\"\\""</div></div><div class="_rlayers_RFeature"><div>marker "\\"\\""</div></div><div class="_rlayers_RFeature"><div>marker "\\"\\""</div></div><div class="_rlayers_RFeature"><div>marker "\\"\\""</div></div><div class="_rlayers_RFeature"><div>marker "\\"\\""</div></div><div class="_rlayers_RFeature"><div>marker "\\"\\""</div></div><div class="_rlayers_RFeature"><div>marker "\\"\\""</div></div><div class="_rlayers_RFeature"><div>marker "\\"\\""</div></div><div class="_rlayers_RFeature"><div>marker "\\"\\""</div></div><div class="_rlayers_RFeature"><div>marker "\\"\\""</div></div><div class="_rlayers_RFeature"><div>marker "\\"\\""</div></div><div class="_rlayers_RFeature"><div>marker "\\"\\""</div></div><div class="_rlayers_RFeature"><div>marker "\\"\\""</div></div><div class="_rlayers_RFeature"><div>marker "\\"\\""</div></div><div class="_rlayers_RFeature"><div>marker "\\"\\""</div></div><div class="_rlayers_RFeature"><div>marker "\\"\\""</div></div><div class="_rlayers_RFeature"><div>marker "\\"\\""</div></div><div class="_rlayers_RFeature"><div>marker "\\"\\""</div></div><div class="_rlayers_RFeature"><div>marker "\\"\\""</div></div><div class="_rlayers_RFeature"><div>marker "\\"\\""</div></div><div class="_rlayers_RFeature"><div>marker "\\"\\""</div></div><div class="_rlayers_RFeature"><div>marker "\\"\\""</div></div><div class="_rlayers_RFeature"><div>marker "\\"\\""</div></div><div class="_rlayers_RFeature"><div>marker "\\"\\""</div></div><div class="_rlayers_RFeature"><div>marker "\\"\\""</div></div><div class="_rlayers_RFeature"><div>marker "\\"\\""</div></div><div class="_rlayers_RFeature"><div>marker "\\"\\""</div></div><div class="_rlayers_RFeature"><div>marker "\\"\\""</div></div><div class="_rlayers_RFeature"><div>marker "\\"\\""</div></div><div class="_rlayers_RFeature"><div>marker "\\"\\""</div></div><div class="_rlayers_RFeature"><div>marker "\\"\\""</div></div><div class="_rlayers_RFeature"><div>marker "\\"\\""</div></div><div class="_rlayers_RFeature"><div>marker "\\"\\""</div></div><div class="_rlayers_RFeature"><div>marker "\\"\\""</div></div><div class="_rlayers_RFeature"><div>marker "\\"\\""</div></div></div><div class="ol-viewport" style="position: relative; overflow: hidden; width: 100%; height: 100%;"><div style="position: absolute; width: 100%; height: 100%; z-index: 0;" class="ol-unselectable ol-layers"></div><div style="position: absolute; z-index: 0; width: 100%; height: 100%; pointer-events: none;" class="ol-overlaycontainer"></div><div style="position: absolute; z-index: 0; width: 100%; height: 100%; pointer-events: none;" class="ol-overlaycontainer-stopevent"><div style="pointer-events: auto;" class="ol-zoom ol-unselectable ol-control"><button class="ol-zoom-in" type="button" title="Zoom in">+</button><button class="ol-zoom-out" type="button" title="Zoom out">–</button></div><div style="pointer-events: auto;" class="ol-rotate ol-unselectable ol-control ol-hidden"><button class="ol-rotate-reset" type="button" title="Reset rotation"><span class="ol-compass">⇧</span></button></div><div style="pointer-events: auto;" class="ol-attribution ol-unselectable ol-control ol-collapsed"><button type="button" aria-expanded="false" title="Attributions"><span class="ol-attribution-expand">i</span></button><ul></ul></div></div></div></div>"`;

exports[`<RLayerVector> should support attributions 1`] = `"<div style="width: 100px; height: 100px;"><div class="_rlayers_RLayerVector"></div><div class="ol-viewport" style="position: relative; overflow: hidden; width: 100%; height: 100%;"><div style="position: absolute; width: 100%; height: 100%; z-index: 0;" class="ol-unselectable ol-layers"></div><div style="position: absolute; z-index: 0; width: 100%; height: 100%; pointer-events: none;" class="ol-overlaycontainer"></div><div style="position: absolute; z-index: 0; width: 100%; height: 100%; pointer-events: none;" class="ol-overlaycontainer-stopevent"><div style="pointer-events: auto;" class="ol-zoom ol-unselectable ol-control"><button class="ol-zoom-in" type="button" title="Zoom in">+</button><button class="ol-zoom-out" type="button" title="Zoom out">–</button></div><div style="pointer-events: auto;" class="ol-rotate ol-unselectable ol-control ol-hidden"><button class="ol-rotate-reset" type="button" title="Reset rotation"><span class="ol-compass">⇧</span></button></div><div style="pointer-events: auto;" class="ol-attribution ol-unselectable ol-control ol-collapsed"><button type="button" aria-expanded="false" title="Attributions"><span class="ol-attribution-expand">i</span></button><ul></ul></div></div></div></div>"`;

exports[`<RLayerVector> should support disabling of the AM wrapping 1`] = `"<div style="width: 100px; height: 100px;"><div class="_rlayers_RLayerVector"></div><div class="ol-viewport" style="position: relative; overflow: hidden; width: 100%; height: 100%;"><div style="position: absolute; width: 100%; height: 100%; z-index: 0;" class="ol-unselectable ol-layers"></div><div style="position: absolute; z-index: 0; width: 100%; height: 100%; pointer-events: none;" class="ol-overlaycontainer"></div><div style="position: absolute; z-index: 0; width: 100%; height: 100%; pointer-events: none;" class="ol-overlaycontainer-stopevent"><div style="pointer-events: auto;" class="ol-zoom ol-unselectable ol-control"><button class="ol-zoom-in" type="button" title="Zoom in">+</button><button class="ol-zoom-out" type="button" title="Zoom out">–</button></div><div style="pointer-events: auto;" class="ol-rotate ol-unselectable ol-control ol-hidden"><button class="ol-rotate-reset" type="button" title="Reset rotation"><span class="ol-compass">⇧</span></button></div><div style="pointer-events: auto;" class="ol-attribution ol-unselectable ol-control ol-collapsed"><button type="button" aria-expanded="false" title="Attributions"><span class="ol-attribution-expand">i</span></button><ul></ul></div></div></div></div>"`;

exports[`<RLayerVector> should support feature typing through generics 1`] = `"<div style="width: 100px; height: 100px;"><div class="_rlayers_RLayerVector"></div><div class="ol-viewport" style="position: relative; overflow: hidden; width: 100%; height: 100%;"><div style="position: absolute; width: 100%; height: 100%; z-index: 0;" class="ol-unselectable ol-layers"></div><div style="position: absolute; z-index: 0; width: 100%; height: 100%; pointer-events: none;" class="ol-overlaycontainer"></div><div style="position: absolute; z-index: 0; width: 100%; height: 100%; pointer-events: none;" class="ol-overlaycontainer-stopevent"><div style="pointer-events: auto;" class="ol-zoom ol-unselectable ol-control"><button class="ol-zoom-in" type="button" title="Zoom in">+</button><button class="ol-zoom-out" type="button" title="Zoom out">–</button></div><div style="pointer-events: auto;" class="ol-rotate ol-unselectable ol-control ol-hidden"><button class="ol-rotate-reset" type="button" title="Reset rotation"><span class="ol-compass">⇧</span></button></div><div style="pointer-events: auto;" class="ol-attribution ol-unselectable ol-control ol-collapsed"><button type="button" aria-expanded="false" title="Attributions"><span class="ol-attribution-expand">i</span></button><ul></ul></div></div></div></div>"`;

exports[`<RLayerVector> should support updating the style 1`] = `"<div style="width: 100px; height: 100px;"><div class="_rlayers_RLayerVector"><div class="_rlayers_RFeature"><div>marker "\\"\\""</div></div></div><div class="ol-viewport" style="position: relative; overflow: hidden; width: 100%; height: 100%;"><div style="position: absolute; width: 100%; height: 100%; z-index: 0;" class="ol-unselectable ol-layers"></div><div style="position: absolute; z-index: 0; width: 100%; height: 100%; pointer-events: none;" class="ol-overlaycontainer"></div><div style="position: absolute; z-index: 0; width: 100%; height: 100%; pointer-events: none;" class="ol-overlaycontainer-stopevent"><div style="pointer-events: auto;" class="ol-zoom ol-unselectable ol-control"><button class="ol-zoom-in" type="button" title="Zoom in">+</button><button class="ol-zoom-out" type="button" title="Zoom out">–</button></div><div style="pointer-events: auto;" class="ol-rotate ol-unselectable ol-control ol-hidden"><button class="ol-rotate-reset" type="button" title="Reset rotation"><span class="ol-compass">⇧</span></button></div><div style="pointer-events: auto;" class="ol-attribution ol-unselectable ol-control ol-collapsed"><button type="button" aria-expanded="false" title="Attributions"><span class="ol-attribution-expand">i</span></button><ul></ul></div></div></div></div>"`;

exports[`<RLayerVector> should support updating the style 2`] = `"<div style="width: 100px; height: 100px;"><div class="_rlayers_RLayerVector"><div class="_rlayers_RFeature"><div>marker "\\"\\""</div></div></div><div class="ol-viewport" style="position: relative; overflow: hidden; width: 100%; height: 100%;"><div style="position: absolute; width: 100%; height: 100%; z-index: 0;" class="ol-unselectable ol-layers"></div><div style="position: absolute; z-index: 0; width: 100%; height: 100%; pointer-events: none;" class="ol-overlaycontainer"></div><div style="position: absolute; z-index: 0; width: 100%; height: 100%; pointer-events: none;" class="ol-overlaycontainer-stopevent"><div style="pointer-events: auto;" class="ol-zoom ol-unselectable ol-control"><button class="ol-zoom-in" type="button" title="Zoom in">+</button><button class="ol-zoom-out" type="button" title="Zoom out">–</button></div><div style="pointer-events: auto;" class="ol-rotate ol-unselectable ol-control ol-hidden"><button class="ol-rotate-reset" type="button" title="Reset rotation"><span class="ol-compass">⇧</span></button></div><div style="pointer-events: auto;" class="ol-attribution ol-unselectable ol-control ol-collapsed"><button type="button" aria-expanded="false" title="Attributions"><span class="ol-attribution-expand">i</span></button><ul></ul></div></div></div></div>"`;

exports[`<RLayerVector> should update the url 1`] = `"<div style="width: 100px; height: 100px;"><div class="_rlayers_RLayerVector"></div><div class="ol-viewport" style="position: relative; overflow: hidden; width: 100%; height: 100%;"><div style="position: absolute; width: 100%; height: 100%; z-index: 0;" class="ol-unselectable ol-layers"></div><div style="position: absolute; z-index: 0; width: 100%; height: 100%; pointer-events: none;" class="ol-overlaycontainer"></div><div style="position: absolute; z-index: 0; width: 100%; height: 100%; pointer-events: none;" class="ol-overlaycontainer-stopevent"><div style="pointer-events: auto;" class="ol-zoom ol-unselectable ol-control"><button class="ol-zoom-in" type="button" title="Zoom in">+</button><button class="ol-zoom-out" type="button" title="Zoom out">–</button></div><div style="pointer-events: auto;" class="ol-rotate ol-unselectable ol-control ol-hidden"><button class="ol-rotate-reset" type="button" title="Reset rotation"><span class="ol-compass">⇧</span></button></div><div style="pointer-events: auto;" class="ol-attribution ol-unselectable ol-control ol-collapsed"><button type="button" aria-expanded="false" title="Attributions"><span class="ol-attribution-expand">i</span></button><ul></ul></div></div></div></div>"`;

exports[`<RLayerVector> should update the url 2`] = `"<div style="width: 100px; height: 100px;"><div class="_rlayers_RLayerVector"></div><div class="ol-viewport" style="position: relative; overflow: hidden; width: 100%; height: 100%;"><div style="position: absolute; width: 100%; height: 100%; z-index: 0;" class="ol-unselectable ol-layers"></div><div style="position: absolute; z-index: 0; width: 100%; height: 100%; pointer-events: none;" class="ol-overlaycontainer"></div><div style="position: absolute; z-index: 0; width: 100%; height: 100%; pointer-events: none;" class="ol-overlaycontainer-stopevent"><div style="pointer-events: auto;" class="ol-zoom ol-unselectable ol-control"><button class="ol-zoom-in" type="button" title="Zoom in">+</button><button class="ol-zoom-out" type="button" title="Zoom out">–</button></div><div style="pointer-events: auto;" class="ol-rotate ol-unselectable ol-control ol-hidden"><button class="ol-rotate-reset" type="button" title="Reset rotation"><span class="ol-compass">⇧</span></button></div><div style="pointer-events: auto;" class="ol-attribution ol-unselectable ol-control ol-collapsed"><button type="button" aria-expanded="false" title="Attributions"><span class="ol-attribution-expand">i</span></button><ul></ul></div></div></div></div>"`;

exports[`<RLayerVectorImage> should create and remove a vector layer 1`] = `"<div style="width: 100px; height: 100px;"><div class="_rlayers_RLayerVector"></div><div class="ol-viewport" style="position: relative; overflow: hidden; width: 100%; height: 100%;"><div style="position: absolute; width: 100%; height: 100%; z-index: 0;" class="ol-unselectable ol-layers"></div><div style="position: absolute; z-index: 0; width: 100%; height: 100%; pointer-events: none;" class="ol-overlaycontainer"></div><div style="position: absolute; z-index: 0; width: 100%; height: 100%; pointer-events: none;" class="ol-overlaycontainer-stopevent"><div style="pointer-events: auto;" class="ol-zoom ol-unselectable ol-control"><button class="ol-zoom-in" type="button" title="Zoom in">+</button><button class="ol-zoom-out" type="button" title="Zoom out">–</button></div><div style="pointer-events: auto;" class="ol-rotate ol-unselectable ol-control ol-hidden"><button class="ol-rotate-reset" type="button" title="Reset rotation"><span class="ol-compass">⇧</span></button></div><div style="pointer-events: auto;" class="ol-attribution ol-unselectable ol-control ol-collapsed"><button type="button" aria-expanded="false" title="Attributions"><span class="ol-attribution-expand">i</span></button><ul></ul></div></div></div></div>"`;

exports[`<RLayerVectorImage> should create and remove a vector layer 2`] = `"<div style="width: 100px; height: 100px;"><div class="ol-viewport" style="position: relative; overflow: hidden; width: 100%; height: 100%;"><div style="position: absolute; width: 100%; height: 100%; z-index: 0;" class="ol-unselectable ol-layers"></div><div style="position: absolute; z-index: 0; width: 100%; height: 100%; pointer-events: none;" class="ol-overlaycontainer"></div><div style="position: absolute; z-index: 0; width: 100%; height: 100%; pointer-events: none;" class="ol-overlaycontainer-stopevent"><div style="pointer-events: auto;" class="ol-zoom ol-unselectable ol-control"><button class="ol-zoom-in" type="button" title="Zoom in">+</button><button class="ol-zoom-out" type="button" title="Zoom out">–</button></div><div style="pointer-events: auto;" class="ol-rotate ol-unselectable ol-control ol-hidden"><button class="ol-rotate-reset" type="button" title="Reset rotation"><span class="ol-compass">⇧</span></button></div><div style="pointer-events: auto;" class="ol-attribution ol-unselectable ol-control ol-collapsed"><button type="button" aria-expanded="false" title="Attributions"><span class="ol-attribution-expand">i</span></button><ul></ul></div></div></div><div class="_rlayers_RLayerVector"></div></div>"`;
